---
source: gaussclaw/crates/gaussclaw-tui/src/lib.rs
assertion_line: 1064
expression: buffer_text(&buf)
---
 GaussClaw  v0.0.1  — Hermes port on Gauss-Aether                               
 session=s1  model=anthropic/claude-3.5-sonnet  turn=1  chain=cafef00d  taint=us
────────────────────────────────────────────────────────────────────────────────
 · Welcome to GaussClaw. Type a message, or `/help` for a tour of slash         
commands.                                                                       
 › hello world                                                                  
 ◀ TUI is offline-only today. For live chat against                             
`anthropic/claude-3.5-sonnet`, run:                                             
────────────────────────────────────────────────────────────────────────────────
┌ input ───────────────────────────────────────────────────────────────────────┐
│ Type a message. Enter to submit · Shift+Enter to insert newline · /help for c│
│                                                                              │
│                                                                              │
└──────────────────────────────────────────────────────────────────────────────┘
